package com.example.output;

import javax.annotation.Generated;

@Generated("PojoBuilder")
public class SampleBuilder
    implements Cloneable {
  protected SampleBuilder self;

  /**
   * Creates a new {@link SampleBuilder}.
   */
  public SampleBuilder() {
    self = (SampleBuilder)this;
  }

  /**
   * Returns a clone of this builder.
   *
   * @return the clone
   */
  @Override
  public Object clone() {
    try {
      SampleBuilder result = (SampleBuilder)super.clone();
      result.self = result;
      return result;
    } catch (CloneNotSupportedException e) {
      throw new InternalError(e.getMessage());
    }
  }

  /**
   * Returns a clone of this builder.
   *
   * @return the clone
   */
  public SampleBuilder but() {
    return (SampleBuilder)clone();
  }

  /**
   * Creates a new {@link Sample} based on this builder's settings.
   *
   * @return the created Sample
   */
  public Sample build() {
    try {
      Sample result = new Sample();
      return result;
    } catch (RuntimeException ex) {
      throw ex;
    } catch (Exception ex) {
      throw new java.lang.reflect.UndeclaredThrowableException(ex);
    }
  }
}
